INFO 2025-11-08 17:24:30,062 access access_log 21665 139971333187264 GET /chat/general/ 200 57.34ms User: pempi
INFO 2025-11-08 17:25:23,473 access access_log 21665 139971105126080 POST /account/logout/ 302 25.72ms User: Anon
INFO 2025-11-08 17:25:23,530 access access_log 21665 139971105126080 GET /account/login/ 200 10.24ms User: Anon
INFO 2025-11-08 17:42:46,075 access GET / 404 23.55ms User: PempiCas
INFO 2025-11-08 17:42:46,347 access GET /favicon.ico 404 40.47ms User: PempiCas
INFO 2025-11-08 17:42:54,973 access GET /chat/general/ 200 28.08ms User: PempiCas
INFO 2025-11-08 17:43:06,665 access POST /account/login/ 302 907.13ms User: pempi
INFO 2025-11-08 17:43:06,727 access GET /chat/general/ 200 15.57ms User: pempi
INFO 2025-11-08 17:45:13,253 access GET /chat/general/ 200 54.48ms User: pempi
INFO 2025-11-08 17:45:31,521 access GET /chat/general/ 200 13.71ms User: PempiCas
INFO 2025-11-08 20:19:10,081 access GET /api/login/ 405 5.54ms User: Anon
INFO 2025-11-08 20:19:17,421 access POST /api/login/ 500 112.09ms User: Anon
INFO 2025-11-08 20:20:56,666 access GET /api/ 404 17.76ms User: pempi
INFO 2025-11-08 20:21:03,492 access GET /api/login/ 405 142.3ms User: pempi
INFO 2025-11-08 20:21:12,571 access POST /api/login/ 500 104.99ms User: pempi
INFO 2025-11-08 20:21:52,429 access POST /api/login/ 401 10.08ms User: Anon
INFO 2025-11-08 20:21:58,234 access GET /api/login/ 405 124.83ms User: pempi
INFO 2025-11-08 20:22:01,785 access POST /api/login/ 401 22.85ms User: pempi
INFO 2025-11-08 20:22:37,060 access POST /api/login/ 401 751.78ms User: pempi
INFO 2025-11-08 20:24:33,364 access POST /api/login/ 500 114.87ms User: Anon
INFO 2025-11-08 20:27:54,379 access POST /api/login/ 401 6.81ms User: Anon
INFO 2025-11-08 20:28:00,430 access POST /api/login/ 401 5.96ms User: Anon
INFO 2025-11-08 20:34:02,104 access POST /api/login/ 401 6.7ms User: Anon
INFO 2025-11-08 20:34:56,801 access POST /api/login/ 200 789.8ms User: Anon
INFO 2025-11-08 20:35:48,588 access POST /api/logout/ 403 5.27ms User: Anon
INFO 2025-11-08 20:37:17,995 access POST /api/logout/ 403 4.0ms User: Anon
INFO 2025-11-08 20:37:49,296 access POST /api/logout/ 403 5.14ms User: Anon
INFO 2025-11-08 20:37:59,951 access POST /api/logout/ 403 9.69ms User: Anon
INFO 2025-11-08 20:38:04,519 access POST /api/logout/ 403 8.7ms User: Anon
INFO 2025-11-08 20:39:00,357 access POST /api/logout/ 403 25.06ms User: Anon
INFO 2025-11-08 20:39:45,638 access GET /api/logout 404 42.36ms User: pempi
INFO 2025-11-08 20:39:45,887 access GET /api/logout/ 405 212.17ms User: pempi
INFO 2025-11-08 20:39:51,492 access OPTIONS /api/logout/ 200 32.94ms User: pempi
INFO 2025-11-08 20:39:54,581 access OPTIONS /api/logout/ 200 21.9ms User: pempi
INFO 2025-11-08 20:41:54,151 access GET /chat/general/ 200 53.77ms User: pempi
INFO 2025-11-08 20:41:57,022 access POST /api/logout/ 200 90.73ms User: pempi
INFO 2025-11-08 20:42:46,169 access GET / 404 20.13ms User: pempi
INFO 2025-11-08 20:43:05,705 access GET /api/login/ 405 30.23ms User: pempi
INFO 2025-11-08 20:43:09,177 access GET /api/ 404 25.27ms User: pempi
INFO 2025-11-08 20:43:21,111 access GET /account/ 404 22.49ms User: pempi
INFO 2025-11-08 20:44:41,453 access GET /chat/general/ 200 73.71ms User: pempi
INFO 2025-11-08 20:45:01,134 access POST /account/logout/ 302 27.78ms User: Anon
INFO 2025-11-08 20:45:01,178 access GET /account/login/ 200 13.23ms User: Anon
INFO 2025-11-08 20:48:15,882 access GET /account/login/ 200 13.09ms User: Anon
INFO 2025-11-08 20:49:27,462 access GET /account/login/ 200 14.33ms User: Anon
INFO 2025-11-08 20:50:41,389 access GET /account/login/ 200 9.45ms User: Anon
INFO 2025-11-08 20:54:24,455 access GET /account/login/ 200 10.73ms User: Anon
INFO 2025-11-08 20:54:30,200 access GET /account/login/ 200 20.58ms User: Anon
INFO 2025-11-08 20:54:31,126 access GET /favicon.ico 404 31.41ms User: Anon
INFO 2025-11-08 20:55:19,058 access POST /account/login/ 302 1097.49ms User: pempi
INFO 2025-11-08 20:55:19,119 access GET /chat/general/ 200 24.47ms User: pempi
INFO 2025-11-08 20:58:05,853 access POST /account/logout/ 302 16.65ms User: Anon
INFO 2025-11-08 20:58:05,898 access GET /account/login/ 200 3.85ms User: Anon
INFO 2025-11-08 20:59:04,596 access POST /account/login/ 302 1051.3ms User: pempi
INFO 2025-11-08 20:59:04,661 access GET /chat/general/ 200 14.46ms User: pempi
INFO 2025-11-08 21:57:22,431 access GET /chat/general/ 200 58.43ms User: pempi
INFO 2025-11-08 21:57:26,616 access GET /.well-known/appspecific/com.chrome.devtools.json 404 8.8ms User: pempi
INFO 2025-11-08 22:00:53,240 access GET /chat/general/ 200 19.3ms User: pempi
INFO 2025-11-08 22:00:53,411 access GET /.well-known/appspecific/com.chrome.devtools.json 404 12.49ms User: pempi
INFO 2025-11-08 22:01:32,915 access GET /chat/general/ 200 15.1ms User: pempi
INFO 2025-11-08 22:01:33,042 access GET /.well-known/appspecific/com.chrome.devtools.json 404 17.72ms User: pempi
INFO 2025-11-08 22:01:54,687 access GET /chat/general/ 200 18.38ms User: pempi
INFO 2025-11-08 22:01:55,000 access GET /.well-known/appspecific/com.chrome.devtools.json 404 35.66ms User: pempi
INFO 2025-11-08 22:01:56,080 access GET /favicon.ico 404 22.86ms User: pempi
INFO 2025-11-08 22:02:09,080 access GET /chat/general/ 200 14.3ms User: pempi
INFO 2025-11-08 22:02:09,315 access GET /.well-known/appspecific/com.chrome.devtools.json 404 20.24ms User: pempi
INFO 2025-11-08 22:02:10,106 access GET /favicon.ico 404 24.52ms User: pempi
INFO 2025-11-08 22:03:54,623 access GET /chat/general/ 200 24.59ms User: pempi
INFO 2025-11-08 22:03:54,836 access GET /.well-known/appspecific/com.chrome.devtools.json 404 17.45ms User: pempi
INFO 2025-11-08 22:03:55,934 access GET /favicon.ico 404 9.06ms User: pempi
INFO 2025-11-08 22:04:22,876 access GET /.well-known/appspecific/com.chrome.devtools.json 404 18.88ms User: pempi
INFO 2025-11-08 22:06:41,762 access GET /chat/general/ 200 34.98ms User: pempi
INFO 2025-11-08 22:06:43,029 access GET /favicon.ico 404 17.63ms User: pempi
INFO 2025-11-08 22:07:47,132 access POST /account/logout/ 302 20.71ms User: Anon
INFO 2025-11-08 22:07:47,182 access GET /account/login/ 200 9.6ms User: Anon
INFO 2025-11-08 22:07:52,955 access GET /account/register/ 200 6.94ms User: Anon
INFO 2025-11-08 22:07:59,794 access GET /account/login/ 200 4.2ms User: Anon
INFO 2025-11-09 00:23:31,085 access GET / 404 15.84ms User: Anon
INFO 2025-11-09 00:23:31,384 access GET /favicon.ico 404 11.5ms User: Anon
INFO 2025-11-09 00:23:38,379 access GET /chat/general/ 302 10.39ms User: Anon
INFO 2025-11-09 00:23:38,402 access GET /account/login/ 200 10.82ms User: Anon
INFO 2025-11-09 00:23:43,486 access POST /account/login/ 302 733.79ms User: pempi
INFO 2025-11-09 00:23:43,518 access GET /chat/general/ 200 14.68ms User: pempi
INFO 2025-11-09 00:25:54,408 access GET /chat/general/ 200 65.2ms User: pempi
INFO 2025-11-09 00:26:03,729 access GET /chat/general/ 200 20.22ms User: pempi
INFO 2025-11-09 00:26:04,635 access GET /favicon.ico 404 25.82ms User: pempi
INFO 2025-11-09 00:26:42,061 access GET /chat/general/ 200 36.93ms User: pempi
INFO 2025-11-09 00:27:46,402 access GET /chat/general/ 200 45.05ms User: pempi
INFO 2025-11-09 00:28:50,237 access GET /chat/general/ 200 32.73ms User: pempi
INFO 2025-11-09 00:31:33,573 access GET /chat/general/ 200 43.9ms User: pempi
INFO 2025-11-09 00:32:37,048 access GET /chat/general/ 200 44.43ms User: pempi
INFO 2025-11-09 00:33:32,336 access GET /chat/general/ 200 32.73ms User: pempi
INFO 2025-11-09 00:34:40,728 access GET /chat/general/ 200 31.15ms User: pempi
INFO 2025-11-09 00:39:42,546 access GET /chat/general/ 200 43.2ms User: pempi
INFO 2025-11-09 00:40:48,226 access GET /chat/general/ 200 20.28ms User: pempi
INFO 2025-11-09 00:41:26,639 access GET /chat/general/ 200 10.91ms User: pempi
INFO 2025-11-09 00:42:18,348 access GET /chat/general/ 200 31.84ms User: pempi
INFO 2025-11-09 00:43:09,703 access GET /chat/general/ 200 21.58ms User: pempi
INFO 2025-11-09 00:45:03,342 access GET /chat/general/ 200 46.84ms User: pempi
INFO 2025-11-09 00:59:52,780 access POST /account/logout/ 302 50.55ms User: Anon
INFO 2025-11-09 00:59:52,816 access GET /account/login/ 200 13.39ms User: Anon
INFO 2025-11-09 01:00:08,755 access POST /account/login/ 302 655.88ms User: pempi
INFO 2025-11-09 01:00:08,787 access GET /chat/general/ 200 14.7ms User: pempi
INFO 2025-11-09 01:00:41,340 access GET /chat/general/ 200 48.02ms User: pempi
INFO 2025-11-09 01:03:29,799 access GET /chat/general/ 200 38.41ms User: pempi
INFO 2025-11-09 01:03:49,026 access GET /chat/general/ 200 24.73ms User: pempi
INFO 2025-11-09 01:04:01,787 access POST /account/logout/ 302 22.51ms User: Anon
INFO 2025-11-09 01:04:01,813 access GET /account/login/ 200 10.05ms User: Anon
INFO 2025-11-09 01:05:38,091 access POST /account/login/ 302 663.82ms User: pempi
INFO 2025-11-09 01:05:38,149 access GET /chat/general/ 200 22.19ms User: pempi
INFO 2025-11-09 01:06:02,273 access GET /chat/general/ 200 51.44ms User: pempi
INFO 2025-11-09 01:06:09,370 access GET /chat/general/ 200 21.55ms User: pempi
INFO 2025-11-09 01:06:10,660 access GET /favicon.ico 404 31.81ms User: pempi
INFO 2025-11-09 01:06:19,310 access GET /chat/general/ 200 23.66ms User: pempi
INFO 2025-11-09 01:06:50,925 access GET /chat/general/ 200 14.96ms User: pempi
INFO 2025-11-09 01:06:51,789 access GET /favicon.ico 404 13.56ms User: pempi
INFO 2025-11-09 01:07:32,864 access GET /chat/general/ 200 19.07ms User: pempi
INFO 2025-11-09 01:08:34,905 access GET /chat/general/ 200 28.59ms User: pempi
INFO 2025-11-09 01:11:25,454 access GET /chat/general/ 200 40.92ms User: pempi
INFO 2025-11-09 01:12:23,745 access GET /chat/general/ 200 24.01ms User: pempi
INFO 2025-11-09 01:13:17,371 access GET /chat/general/ 200 50.88ms User: pempi
INFO 2025-11-09 01:13:21,144 access GET /chat/general/ 302 3.15ms User: Anon
INFO 2025-11-09 01:13:21,177 access GET /account/login/ 200 11.76ms User: Anon
INFO 2025-11-09 01:13:21,697 access GET /favicon.ico 404 26.87ms User: Anon
INFO 2025-11-09 01:13:27,728 access GET /account/register/ 200 13.63ms User: Anon
INFO 2025-11-09 01:13:43,074 access POST /account/register/ 302 811.45ms User: Anon
INFO 2025-11-09 01:13:43,212 access GET /account/login/ 200 5.72ms User: Anon
INFO 2025-11-09 01:13:55,189 access POST /account/login/ 200 650.43ms User: Anon
INFO 2025-11-09 01:14:05,559 access POST /account/login/ 302 780.15ms User: Pempi2024
INFO 2025-11-09 01:14:05,652 access GET /chat/general/ 200 24.96ms User: Pempi2024
INFO 2025-11-09 01:15:11,239 access POST /account/logout/ 302 29.94ms User: Anon
INFO 2025-11-09 01:15:11,273 access GET /account/login/ 200 5.47ms User: Anon
INFO 2025-11-10 15:34:03,097 access GET /favicon.ico 404 19.02ms User: pempi
INFO 2025-11-10 15:34:05,921 access GET /chat/general/ 200 119.34ms User: pempi
INFO 2025-11-10 15:34:08,498 access GET /chat/general/ 200 48.47ms User: pempi
INFO 2025-11-10 15:34:09,355 access GET /favicon.ico 404 41.9ms User: pempi
INFO 2025-11-10 15:34:32,391 access GET /chat/general/ 200 37.34ms User: pempi
INFO 2025-11-10 15:42:15,039 access GET /chat/general/ 200 43.63ms User: pempi
INFO 2025-11-10 15:42:18,640 access POST /account/logout/ 302 48.67ms User: Anon
INFO 2025-11-10 15:42:18,709 access GET /account/login/ 200 10.51ms User: Anon
INFO 2025-11-10 15:42:26,162 access GET /account/register/ 200 10.55ms User: Anon
INFO 2025-11-10 15:42:51,908 access GET /account/login/ 200 17.12ms User: Anon
INFO 2025-11-10 15:46:15,863 access GET /account/register/ 200 7.38ms User: Anon
INFO 2025-11-10 15:46:19,946 access GET /account/login/ 200 18.24ms User: Anon
INFO 2025-11-10 15:46:24,953 access POST /account/login/ 302 1218.83ms User: pempi
INFO 2025-11-10 15:46:25,004 access GET /chat/general/ 200 18.1ms User: pempi
INFO 2025-11-10 15:46:36,369 access GET /chat/general/ 200 34.25ms User: pempi
INFO 2025-11-10 15:47:23,986 access POST /account/logout/ 302 31.88ms User: Anon
INFO 2025-11-10 15:47:24,039 access GET /account/login/ 200 7.07ms User: Anon
INFO 2025-11-10 15:47:30,926 access POST /account/login/ 302 1275.03ms User: pempi
INFO 2025-11-10 15:47:31,007 access GET /chat/general/ 200 29.91ms User: pempi
INFO 2025-11-10 15:48:55,479 access POST /account/logout/ 302 62.35ms User: Anon
INFO 2025-11-10 15:48:55,531 access GET /account/login/ 200 20.88ms User: Anon
INFO 2025-11-10 15:48:59,932 access POST /account/login/ 302 1170.42ms User: pempi
INFO 2025-11-10 15:48:59,988 access GET /chat/general/ 200 28.32ms User: pempi
INFO 2025-11-17 00:18:13,138 access GET /chat/general 404 25.9ms User: Anon
INFO 2025-11-17 00:18:13,181 access GET /chat/general/ 302 21.09ms User: Anon
INFO 2025-11-17 00:18:13,206 access GET /account/login/ 200 12.6ms User: Anon
INFO 2025-11-17 00:18:14,505 access GET /favicon.ico 404 24.3ms User: Anon
INFO 2025-11-17 00:18:41,444 access POST /account/login/ 302 2704.93ms User: pempi
INFO 2025-11-17 00:18:41,615 access GET /chat/general/ 200 55.32ms User: pempi
INFO 2025-11-17 00:19:33,398 access GET /chat/general/ 200 39.21ms User: pempi
INFO 2025-11-17 00:19:43,224 access POST /account/logout/ 302 40.93ms User: Anon
INFO 2025-11-17 00:19:43,312 access GET /account/login/ 200 19.6ms User: Anon
INFO 2025-11-17 00:19:56,897 access POST /account/login/ 302 2537.48ms User: pempi
INFO 2025-11-17 00:19:57,008 access GET /chat/general/ 200 42.68ms User: pempi
INFO 2025-11-17 00:20:55,939 access GET /chat/general/ 200 77.27ms User: pempi
INFO 2025-11-17 00:22:28,681 access GET /chat/general/ 200 99.78ms User: pempi
INFO 2025-11-17 23:59:38,124 access GET /chat/general/ 302 1564.59ms User: Anon
INFO 2025-11-17 23:59:38,216 access GET /account/login/ 200 44.43ms User: Anon
INFO 2025-11-17 23:59:39,465 access GET /favicon.ico 404 27.9ms User: Anon
INFO 2025-11-17 23:59:46,889 access POST /account/login/ 200 3673.31ms User: Anon
INFO 2025-11-18 00:01:02,556 access GET /account/register/ 200 15.02ms User: Anon
INFO 2025-11-18 00:01:13,090 access POST /account/register/ 200 1665.87ms User: Anon
INFO 2025-11-18 00:04:44,342 access POST /account/register/ 302 4120.55ms User: Anon
INFO 2025-11-18 00:04:44,394 access GET /account/login/ 200 12.99ms User: Anon
INFO 2025-11-18 00:04:56,220 access POST /account/login/ 302 4813.04ms User: pempi
INFO 2025-11-18 00:05:00,282 access GET /chat/general/ 500 3525.88ms User: pempi
INFO 2025-11-18 00:13:37,779 access GET /chat/general/ 200 1728.51ms User: pempi
INFO 2025-11-18 00:14:18,034 access GET /chat/general/ 200 1540.74ms User: pempi
INFO 2025-11-18 01:56:32,657 access GET /chat/general/ 200 2039.37ms User: pempi
INFO 2025-11-18 01:56:58,066 access GET /chat/general/ 200 1730.5ms User: pempi
INFO 2025-11-18 01:58:41,286 access GET /chat/general/ 200 1991.82ms User: pempi
INFO 2025-11-18 02:02:05,846 access GET /chat/general/ 200 2017.06ms User: pempi
INFO 2025-11-18 02:03:41,203 access GET /chat/general/ 200 1660.89ms User: pempi
INFO 2025-11-18 02:04:32,715 access POST /account/logout/ 302 2178.07ms User: Anon
INFO 2025-11-18 02:04:32,766 access GET /account/login/ 200 11.24ms User: Anon
INFO 2025-11-18 02:07:19,546 access POST /account/login/ 302 4985.46ms User: pempi
INFO 2025-11-18 02:07:22,000 access GET /chat/general/ 200 1799.51ms User: pempi
INFO 2025-11-18 02:08:12,259 access GET /chat/futbol/ 404 39.59ms User: pempi
INFO 2025-11-18 02:10:25,609 access GET /chat/general/ 200 1990.31ms User: pempi
